<?xml version="1.0" encoding="UTF-8"?>
<dataset>
	
	<!-- 1	Pending
2	Failed
3	Holding
4	Processed -->
	
	<csv_status id="1" status="Pending"/>
	<csv_status id="2" status="Failed"/>
	<csv_status id="3" status="Holding"/>
	<csv_status id="4" status="Processed"/>
			
	<csv id = "1"/>
	<csv id = "2"/>
		
	<csv_entry entry_id="1" csv_id="1" name="tim" age="22" height="150" status="HOLDING" />		
	<csv_entry entry_id="2" csv_id="2" name="dom" age="33" height="186" status="PENDING" />		
	
</dataset>